I'm sorry, but errors were detected in your script. Please correct the
errors listed below, and try again.


File "game/scripts/gui/gestrues.rpy", line 6: Unexpected indentation at start of file.

Ren'Py Version: Ren'Py 8.1.3.23091805
Tue Nov 28 14:14:48 2023
